================================================================
== Design Size Report
================================================================

* Total Instructions per Compilation Phase
+---------------+-----------------------------+--------------+----------------------------------------------------------------------------------------+
| Phase         | Step                        | Instructions | Description                                                                            |
+---------------+-----------------------------+--------------+----------------------------------------------------------------------------------------+
| Compile/Link  |                             |  1,119       | After all functions are compiled and linked into a single design                       |
|               |                             |              |                                                                                        |
| Unroll/Inline |                             |              | After user unroll and inline pragmas are applied                                       |
|               | (1) unroll                  |  7,711       | user unroll pragmas are applied                                                        |
|               | (2) simplification          |  2,730       | simplification of applied user unroll pragmas                                          |
|               | (3) inline                  |  2,505       | user inline pragmas are applied                                                        |
|               | (4) simplification          |  2,320       | simplification of applied user inline pragmas                                          |
|               |                             |              |                                                                                        |
| Array/Struct  |                             |              | After user array partition and struct aggregate/disaggregate pragmas are applied       |
|               | (1) array partition         | 21,312       | user array partition pragmas are applied                                               |
|               | (2) simplification          |  5,910       | simplification of applied user array partition & struct aggregate/disaggregate pragmas |
|               | (3) aggregate/disaggregate  |  5,912       | user struct aggregate/disaggregate pragmas are applied                                 |
|               | (4) array reshape           |  6,078       | apply array reshape pragmas                                                            |
|               | (5) access patterns         |  5,715       | array access pattern optmizations                                                      |
|               |                             |              |                                                                                        |
| Performance   |                             |              | After transformations are applied to meet performance pragma targets                   |
|               | (1) loop simplification     |  5,719       | loop and instruction simplification                                                    |
|               | (2) parallelization         |  5,713       | loops are unrolled or pipelined to meet performance targets                            |
|               | (3) array partition         |  5,713       | arrays are partitioned to meet performance targets                                     |
|               | (4) simplification          |  5,713       | simplification of design after performance transformations                             |
|               |                             |              |                                                                                        |
| HW Transforms |                             |              | After hardware transfomations                                                          |
|               | (1) lowering                |  5,733       | initial conversion to HW specific instructions                                         |
|               | (2) optimizations           |  5,824       | high level synthesis optimizations                                                     |
+---------------+-----------------------------+--------------+----------------------------------------------------------------------------------------+

* Instructions per Function for each Compilation Phase
+---------------------+-------------+--------------+---------------+--------------+-------------+---------------+
| Function            | Location    | Compile/Link | Unroll/Inline | Array/Struct | Performance | HW Transforms |
+---------------------+-------------+--------------+---------------+--------------+-------------+---------------+
| + kernel_cnn        | cnn.cpp:374 | 1,119        | 2,320         | 5,715        | 5,713       | 5,824         |
|  + cnn              | cnn.cpp:289 | 1,083        | 2,291         | 5,058        | 5,056       | 5,163         |
|     load_weight_S0  | cnn.cpp:168 |   76         |   39          |  237         |  237        |  245          |
|     load_output_S0  | cnn.cpp:101 |  380         |  109          |  346         |  345        |  382          |
|     load_input_S0   | cnn.cpp:43  |  128         |   42          |  850         |  849        |  861          |
|     store_output_S0 | cnn.cpp:224 |  380         |  109          |  275         |  275        |  309          |
+---------------------+-------------+--------------+---------------+--------------+-------------+---------------+

* Design Size Message Settings
+---------------------------------------------+--------+------------------------------------------------------------------+
| Message Setting                             | Value  | Description                                                      |
+---------------------------------------------+--------+------------------------------------------------------------------+
| config_compile -design_size_maximum_warning | 100000 | Show a warning when total design instructions exceeds this value |
+---------------------------------------------+--------+------------------------------------------------------------------+


