

================================================================
== Vitis HLS Report for 'load_input_S0_Pipeline_VITIS_LOOP_58_2_VITIS_LOOP_59_3'
================================================================
* Date:           Thu May 22 18:56:39 2025

* Version:        2023.2 (Build 4023990 on Oct 11 2023)
* Project:        cnn.prj
* Solution:       solution (Vitis Kernel Flow Target)
* Product family: virtexuplus
* Target device:  xcu200-fsgd2104-2-e


================================================================
== Performance Estimates
================================================================
+ Timing: 
    * Summary: 
    +--------+---------+----------+------------+
    |  Clock |  Target | Estimated| Uncertainty|
    +--------+---------+----------+------------+
    |ap_clk  |  4.00 ns|  3.096 ns|     1.08 ns|
    +--------+---------+----------+------------+

+ Latency: 
    * Summary: 
    +---------+---------+-----------+-----------+-------+-------+---------+
    |  Latency (cycles) |   Latency (absolute)  |    Interval   | Pipeline|
    |   min   |   max   |    min    |    max    |  min  |  max  |   Type  |
    +---------+---------+-----------+-----------+-------+-------+---------+
    |    13009|    13009|  52.036 us|  52.036 us|  13009|  13009|       no|
    +---------+---------+-----------+-----------+-------+-------+---------+

    + Detail: 
        * Instance: 
        N/A

        * Loop: 
        +-----------------------------------+---------+---------+----------+-----------+-----------+-------+----------+
        |                                   |  Latency (cycles) | Iteration|  Initiation Interval  |  Trip |          |
        |             Loop Name             |   min   |   max   |  Latency |  achieved |   target  | Count | Pipelined|
        +-----------------------------------+---------+---------+----------+-----------+-----------+-------+----------+
        |- VITIS_LOOP_58_2_VITIS_LOOP_59_3  |    13007|    13007|        13|          1|          1|  12996|       yes|
        +-----------------------------------+---------+---------+----------+-----------+-----------+-------+----------+



================================================================
== Utilization Estimates
================================================================
* Summary: 
+---------------------+---------+------+---------+---------+-----+
|         Name        | BRAM_18K|  DSP |    FF   |   LUT   | URAM|
+---------------------+---------+------+---------+---------+-----+
|DSP                  |        -|     1|        -|        -|    -|
|Expression           |        -|     -|        0|      142|    -|
|FIFO                 |        -|     -|        -|        -|    -|
|Instance             |        -|     0|      189|      168|    -|
|Memory               |        -|     -|        -|        -|    -|
|Multiplexer          |        -|     -|        -|     2586|    -|
|Register             |        -|     -|      394|       96|    -|
+---------------------+---------+------+---------+---------+-----+
|Total                |        0|     1|      583|     2992|    0|
+---------------------+---------+------+---------+---------+-----+
|Available SLR        |     1440|  2280|   788160|   394080|  320|
+---------------------+---------+------+---------+---------+-----+
|Utilization SLR (%)  |        0|    ~0|       ~0|       ~0|    0|
+---------------------+---------+------+---------+---------+-----+
|Available            |     4320|  6840|  2364480|  1182240|  960|
+---------------------+---------+------+---------+---------+-----+
|Utilization (%)      |        0|    ~0|       ~0|       ~0|    0|
+---------------------+---------+------+---------+---------+-----+

+ Detail: 
    * Instance: 
    +--------------------------+---------------------+---------+----+-----+-----+-----+
    |         Instance         |        Module       | BRAM_18K| DSP|  FF | LUT | URAM|
    +--------------------------+---------------------+---------+----+-----+-----+-----+
    |mul_8ns_10ns_17_1_1_U129  |mul_8ns_10ns_17_1_1  |        0|   0|    0|   62|    0|
    |urem_8ns_5ns_4_12_1_U130  |urem_8ns_5ns_4_12_1  |        0|   0|  189|  106|    0|
    +--------------------------+---------------------+---------+----+-----+-----+-----+
    |Total                     |                     |        0|   0|  189|  168|    0|
    +--------------------------+---------------------+---------+----+-----+-----+-----+

    * DSP: 
    +------------------------------------+-------------------------------+--------------+
    |              Instance              |             Module            |  Expression  |
    +------------------------------------+-------------------------------+--------------+
    |mac_muladd_5ns_5ns_5ns_10_4_1_U131  |mac_muladd_5ns_5ns_5ns_10_4_1  |  i0 * i1 + i2|
    +------------------------------------+-------------------------------+--------------+

    * Memory: 
    N/A

    * FIFO: 
    N/A

    * Expression: 
    +---------------------------+----------+----+---+----+------------+------------+
    |       Variable Name       | Operation| DSP| FF| LUT| Bitwidth P0| Bitwidth P1|
    +---------------------------+----------+----+---+----+------------+------------+
    |add_ln58_1_fu_1712_p2      |         +|   0|  0|  15|           8|           1|
    |add_ln58_fu_1625_p2        |         +|   0|  0|  21|          14|           1|
    |add_ln59_1_fu_1680_p2      |         +|   0|  0|  13|           6|           1|
    |add_ln59_fu_1674_p2        |         +|   0|  0|  15|           8|           3|
    |ap_block_pp0_stage0_11001  |       and|   0|  0|   2|           1|           1|
    |ap_condition_2187          |       and|   0|  0|   2|           1|           1|
    |ap_condition_2197          |       and|   0|  0|   2|           1|           1|
    |ap_condition_2202          |       and|   0|  0|   2|           1|           1|
    |ap_condition_2205          |       and|   0|  0|   2|           1|           1|
    |ap_condition_2208          |       and|   0|  0|   2|           1|           1|
    |ap_condition_2211          |       and|   0|  0|   2|           1|           1|
    |ap_condition_2214          |       and|   0|  0|   2|           1|           1|
    |ap_condition_2217          |       and|   0|  0|   2|           1|           1|
    |ap_condition_2220          |       and|   0|  0|   2|           1|           1|
    |icmp_ln58_fu_1619_p2       |      icmp|   0|  0|  21|          14|          13|
    |icmp_ln59_fu_1634_p2       |      icmp|   0|  0|  13|           6|           4|
    |select_ln58_1_fu_1718_p3   |    select|   0|  0|   8|           1|           8|
    |select_ln58_fu_1640_p3     |    select|   0|  0|   8|           1|           1|
    |select_ln59_fu_1686_p3     |    select|   0|  0|   6|           1|           1|
    |ap_enable_pp0              |       xor|   0|  0|   2|           1|           2|
    +---------------------------+----------+----+---+----+------------+------------+
    |Total                      |          |   0|  0| 142|          70|          45|
    +---------------------------+----------+----+---+----+------------+------------+

    * Multiplexer: 
    +--------------------------------------+----+-----------+-----+-----------+
    |                 Name                 | LUT| Input Size| Bits| Total Bits|
    +--------------------------------------+----+-----------+-----+-----------+
    |ap_done_int                           |   9|          2|    1|          2|
    |ap_enable_reg_pp0_iter1               |   9|          2|    1|          2|
    |ap_sig_allocacmp_i2_load              |   9|          2|    8|         16|
    |ap_sig_allocacmp_indvar_flatten_load  |   9|          2|   14|         28|
    |ap_sig_allocacmp_indvar_load          |   9|          2|    6|         12|
    |i1_fu_322                             |   9|          2|    8|         16|
    |i2_fu_314                             |   9|          2|    8|         16|
    |indvar_flatten_fu_326                 |   9|          2|   14|         28|
    |indvar_fu_318                         |   9|          2|    6|         12|
    |input_0_0_d0                          |  26|          5|   32|        160|
    |input_0_10_d0                         |  26|          5|   32|        160|
    |input_0_11_d0                         |  26|          5|   32|        160|
    |input_0_1_d0                          |  26|          5|   32|        160|
    |input_0_2_d0                          |  26|          5|   32|        160|
    |input_0_3_d0                          |  26|          5|   32|        160|
    |input_0_4_d0                          |  26|          5|   32|        160|
    |input_0_5_d0                          |  26|          5|   32|        160|
    |input_0_6_d0                          |  26|          5|   32|        160|
    |input_0_7_d0                          |  26|          5|   32|        160|
    |input_0_8_d0                          |  26|          5|   32|        160|
    |input_0_9_d0                          |  26|          5|   32|        160|
    |input_1_0_d0                          |  26|          5|   32|        160|
    |input_1_10_d0                         |  26|          5|   32|        160|
    |input_1_11_d0                         |  26|          5|   32|        160|
    |input_1_1_d0                          |  26|          5|   32|        160|
    |input_1_2_d0                          |  26|          5|   32|        160|
    |input_1_3_d0                          |  26|          5|   32|        160|
    |input_1_4_d0                          |  26|          5|   32|        160|
    |input_1_5_d0                          |  26|          5|   32|        160|
    |input_1_6_d0                          |  26|          5|   32|        160|
    |input_1_7_d0                          |  26|          5|   32|        160|
    |input_1_8_d0                          |  26|          5|   32|        160|
    |input_1_9_d0                          |  26|          5|   32|        160|
    |input_2_0_d0                          |  26|          5|   32|        160|
    |input_2_10_d0                         |  26|          5|   32|        160|
    |input_2_11_d0                         |  26|          5|   32|        160|
    |input_2_1_d0                          |  26|          5|   32|        160|
    |input_2_2_d0                          |  26|          5|   32|        160|
    |input_2_3_d0                          |  26|          5|   32|        160|
    |input_2_4_d0                          |  26|          5|   32|        160|
    |input_2_5_d0                          |  26|          5|   32|        160|
    |input_2_6_d0                          |  26|          5|   32|        160|
    |input_2_7_d0                          |  26|          5|   32|        160|
    |input_2_8_d0                          |  26|          5|   32|        160|
    |input_2_9_d0                          |  26|          5|   32|        160|
    |input_3_0_d0                          |  26|          5|   32|        160|
    |input_3_10_d0                         |  26|          5|   32|        160|
    |input_3_11_d0                         |  26|          5|   32|        160|
    |input_3_1_d0                          |  26|          5|   32|        160|
    |input_3_2_d0                          |  26|          5|   32|        160|
    |input_3_3_d0                          |  26|          5|   32|        160|
    |input_3_4_d0                          |  26|          5|   32|        160|
    |input_3_5_d0                          |  26|          5|   32|        160|
    |input_3_6_d0                          |  26|          5|   32|        160|
    |input_3_7_d0                          |  26|          5|   32|        160|
    |input_3_8_d0                          |  26|          5|   32|        160|
    |input_3_9_d0                          |  26|          5|   32|        160|
    |input_4_0_d0                          |  26|          5|   32|        160|
    |input_4_10_d0                         |  26|          5|   32|        160|
    |input_4_11_d0                         |  26|          5|   32|        160|
    |input_4_1_d0                          |  26|          5|   32|        160|
    |input_4_2_d0                          |  26|          5|   32|        160|
    |input_4_3_d0                          |  26|          5|   32|        160|
    |input_4_4_d0                          |  26|          5|   32|        160|
    |input_4_5_d0                          |  26|          5|   32|        160|
    |input_4_6_d0                          |  26|          5|   32|        160|
    |input_4_7_d0                          |  26|          5|   32|        160|
    |input_4_8_d0                          |  26|          5|   32|        160|
    |input_4_9_d0                          |  26|          5|   32|        160|
    |input_5_0_d0                          |  26|          5|   32|        160|
    |input_5_10_d0                         |  26|          5|   32|        160|
    |input_5_11_d0                         |  26|          5|   32|        160|
    |input_5_1_d0                          |  26|          5|   32|        160|
    |input_5_2_d0                          |  26|          5|   32|        160|
    |input_5_3_d0                          |  26|          5|   32|        160|
    |input_5_4_d0                          |  26|          5|   32|        160|
    |input_5_5_d0                          |  26|          5|   32|        160|
    |input_5_6_d0                          |  26|          5|   32|        160|
    |input_5_7_d0                          |  26|          5|   32|        160|
    |input_5_8_d0                          |  26|          5|   32|        160|
    |input_5_9_d0                          |  26|          5|   32|        160|
    |input_6_0_d0                          |  26|          5|   32|        160|
    |input_6_10_d0                         |  26|          5|   32|        160|
    |input_6_11_d0                         |  26|          5|   32|        160|
    |input_6_1_d0                          |  26|          5|   32|        160|
    |input_6_2_d0                          |  26|          5|   32|        160|
    |input_6_3_d0                          |  26|          5|   32|        160|
    |input_6_4_d0                          |  26|          5|   32|        160|
    |input_6_5_d0                          |  26|          5|   32|        160|
    |input_6_6_d0                          |  26|          5|   32|        160|
    |input_6_7_d0                          |  26|          5|   32|        160|
    |input_6_8_d0                          |  26|          5|   32|        160|
    |input_6_9_d0                          |  26|          5|   32|        160|
    |input_7_0_d0                          |  26|          5|   32|        160|
    |input_7_10_d0                         |  26|          5|   32|        160|
    |input_7_11_d0                         |  26|          5|   32|        160|
    |input_7_1_d0                          |  26|          5|   32|        160|
    |input_7_2_d0                          |  26|          5|   32|        160|
    |input_7_3_d0                          |  26|          5|   32|        160|
    |input_7_4_d0                          |  26|          5|   32|        160|
    |input_7_5_d0                          |  26|          5|   32|        160|
    |input_7_6_d0                          |  26|          5|   32|        160|
    |input_7_7_d0                          |  26|          5|   32|        160|
    |input_7_8_d0                          |  26|          5|   32|        160|
    |input_7_9_d0                          |  26|          5|   32|        160|
    |kernel_input_blk_n_R                  |   9|          2|    1|          2|
    +--------------------------------------+----+-----------+-----+-----------+
    |Total                                 |2586|        500| 3139|      15494|
    +--------------------------------------+----+-----------+-----+-----------+

    * Register: 
    +-----------------------------------+----+----+-----+-----------+
    |                Name               | FF | LUT| Bits| Const Bits|
    +-----------------------------------+----+----+-----+-----------+
    |ap_CS_fsm                          |   1|   0|    1|          0|
    |ap_done_reg                        |   1|   0|    1|          0|
    |ap_enable_reg_pp0_iter1            |   1|   0|    1|          0|
    |ap_enable_reg_pp0_iter10           |   1|   0|    1|          0|
    |ap_enable_reg_pp0_iter11           |   1|   0|    1|          0|
    |ap_enable_reg_pp0_iter12           |   1|   0|    1|          0|
    |ap_enable_reg_pp0_iter2            |   1|   0|    1|          0|
    |ap_enable_reg_pp0_iter3            |   1|   0|    1|          0|
    |ap_enable_reg_pp0_iter4            |   1|   0|    1|          0|
    |ap_enable_reg_pp0_iter5            |   1|   0|    1|          0|
    |ap_enable_reg_pp0_iter6            |   1|   0|    1|          0|
    |ap_enable_reg_pp0_iter7            |   1|   0|    1|          0|
    |ap_enable_reg_pp0_iter8            |   1|   0|    1|          0|
    |ap_enable_reg_pp0_iter9            |   1|   0|    1|          0|
    |ap_loop_exit_ready_pp0_iter10_reg  |   1|   0|    1|          0|
    |ap_loop_exit_ready_pp0_iter11_reg  |   1|   0|    1|          0|
    |ap_loop_exit_ready_pp0_iter1_reg   |   1|   0|    1|          0|
    |ap_loop_exit_ready_pp0_iter2_reg   |   1|   0|    1|          0|
    |ap_loop_exit_ready_pp0_iter3_reg   |   1|   0|    1|          0|
    |ap_loop_exit_ready_pp0_iter4_reg   |   1|   0|    1|          0|
    |ap_loop_exit_ready_pp0_iter5_reg   |   1|   0|    1|          0|
    |ap_loop_exit_ready_pp0_iter6_reg   |   1|   0|    1|          0|
    |ap_loop_exit_ready_pp0_iter7_reg   |   1|   0|    1|          0|
    |ap_loop_exit_ready_pp0_iter8_reg   |   1|   0|    1|          0|
    |ap_loop_exit_ready_pp0_iter9_reg   |   1|   0|    1|          0|
    |i1_fu_322                          |   8|   0|    8|          0|
    |i2_fu_314                          |   8|   0|    8|          0|
    |icmp_ln59_reg_2336                 |   1|   0|    1|          0|
    |indvar_flatten_fu_326              |  14|   0|   14|          0|
    |indvar_fu_318                      |   6|   0|    6|          0|
    |tmp_reg_2346                       |   5|   0|    5|          0|
    |trunc_ln58_reg_2351                |   3|   0|    3|          0|
    |trunc_ln59_reg_2365                |   4|   0|    4|          0|
    |trunc_ln71_1_reg_2374              |  32|   0|   32|          0|
    |trunc_ln71_2_reg_2379              |  32|   0|   32|          0|
    |trunc_ln71_3_reg_2384              |  32|   0|   32|          0|
    |trunc_ln71_reg_2369                |  32|   0|   32|          0|
    |icmp_ln59_reg_2336                 |  64|  32|    1|          0|
    |tmp_reg_2346                       |  64|  32|    5|          0|
    |trunc_ln58_reg_2351                |  64|  32|    3|          0|
    +-----------------------------------+----+----+-----+-----------+
    |Total                              | 394|  96|  211|          0|
    +-----------------------------------+----+----+-----+-----------+



================================================================
== Interface
================================================================
* Summary: 
+-----------------------------+-----+-----+------------+--------------------------------------------------------+--------------+
|          RTL Ports          | Dir | Bits|  Protocol  |                      Source Object                     |    C Type    |
+-----------------------------+-----+-----+------------+--------------------------------------------------------+--------------+
|ap_clk                       |   in|    1|  ap_ctrl_hs|  load_input_S0_Pipeline_VITIS_LOOP_58_2_VITIS_LOOP_59_3|  return value|
|ap_rst                       |   in|    1|  ap_ctrl_hs|  load_input_S0_Pipeline_VITIS_LOOP_58_2_VITIS_LOOP_59_3|  return value|
|ap_start                     |   in|    1|  ap_ctrl_hs|  load_input_S0_Pipeline_VITIS_LOOP_58_2_VITIS_LOOP_59_3|  return value|
|ap_done                      |  out|    1|  ap_ctrl_hs|  load_input_S0_Pipeline_VITIS_LOOP_58_2_VITIS_LOOP_59_3|  return value|
|ap_idle                      |  out|    1|  ap_ctrl_hs|  load_input_S0_Pipeline_VITIS_LOOP_58_2_VITIS_LOOP_59_3|  return value|
|ap_ready                     |  out|    1|  ap_ctrl_hs|  load_input_S0_Pipeline_VITIS_LOOP_58_2_VITIS_LOOP_59_3|  return value|
|m_axi_kernel_input_AWVALID   |  out|    1|       m_axi|                                            kernel_input|       pointer|
|m_axi_kernel_input_AWREADY   |   in|    1|       m_axi|                                            kernel_input|       pointer|
|m_axi_kernel_input_AWADDR    |  out|   64|       m_axi|                                            kernel_input|       pointer|
|m_axi_kernel_input_AWID      |  out|    1|       m_axi|                                            kernel_input|       pointer|
|m_axi_kernel_input_AWLEN     |  out|   32|       m_axi|                                            kernel_input|       pointer|
|m_axi_kernel_input_AWSIZE    |  out|    3|       m_axi|                                            kernel_input|       pointer|
|m_axi_kernel_input_AWBURST   |  out|    2|       m_axi|                                            kernel_input|       pointer|
|m_axi_kernel_input_AWLOCK    |  out|    2|       m_axi|                                            kernel_input|       pointer|
|m_axi_kernel_input_AWCACHE   |  out|    4|       m_axi|                                            kernel_input|       pointer|
|m_axi_kernel_input_AWPROT    |  out|    3|       m_axi|                                            kernel_input|       pointer|
|m_axi_kernel_input_AWQOS     |  out|    4|       m_axi|                                            kernel_input|       pointer|
|m_axi_kernel_input_AWREGION  |  out|    4|       m_axi|                                            kernel_input|       pointer|
|m_axi_kernel_input_AWUSER    |  out|    1|       m_axi|                                            kernel_input|       pointer|
|m_axi_kernel_input_WVALID    |  out|    1|       m_axi|                                            kernel_input|       pointer|
|m_axi_kernel_input_WREADY    |   in|    1|       m_axi|                                            kernel_input|       pointer|
|m_axi_kernel_input_WDATA     |  out|  128|       m_axi|                                            kernel_input|       pointer|
|m_axi_kernel_input_WSTRB     |  out|   16|       m_axi|                                            kernel_input|       pointer|
|m_axi_kernel_input_WLAST     |  out|    1|       m_axi|                                            kernel_input|       pointer|
|m_axi_kernel_input_WID       |  out|    1|       m_axi|                                            kernel_input|       pointer|
|m_axi_kernel_input_WUSER     |  out|    1|       m_axi|                                            kernel_input|       pointer|
|m_axi_kernel_input_ARVALID   |  out|    1|       m_axi|                                            kernel_input|       pointer|
|m_axi_kernel_input_ARREADY   |   in|    1|       m_axi|                                            kernel_input|       pointer|
|m_axi_kernel_input_ARADDR    |  out|   64|       m_axi|                                            kernel_input|       pointer|
|m_axi_kernel_input_ARID      |  out|    1|       m_axi|                                            kernel_input|       pointer|
|m_axi_kernel_input_ARLEN     |  out|   32|       m_axi|                                            kernel_input|       pointer|
|m_axi_kernel_input_ARSIZE    |  out|    3|       m_axi|                                            kernel_input|       pointer|
|m_axi_kernel_input_ARBURST   |  out|    2|       m_axi|                                            kernel_input|       pointer|
|m_axi_kernel_input_ARLOCK    |  out|    2|       m_axi|                                            kernel_input|       pointer|
|m_axi_kernel_input_ARCACHE   |  out|    4|       m_axi|                                            kernel_input|       pointer|
|m_axi_kernel_input_ARPROT    |  out|    3|       m_axi|                                            kernel_input|       pointer|
|m_axi_kernel_input_ARQOS     |  out|    4|       m_axi|                                            kernel_input|       pointer|
|m_axi_kernel_input_ARREGION  |  out|    4|       m_axi|                                            kernel_input|       pointer|
|m_axi_kernel_input_ARUSER    |  out|    1|       m_axi|                                            kernel_input|       pointer|
|m_axi_kernel_input_RVALID    |   in|    1|       m_axi|                                            kernel_input|       pointer|
|m_axi_kernel_input_RREADY    |  out|    1|       m_axi|                                            kernel_input|       pointer|
|m_axi_kernel_input_RDATA     |   in|  128|       m_axi|                                            kernel_input|       pointer|
|m_axi_kernel_input_RLAST     |   in|    1|       m_axi|                                            kernel_input|       pointer|
|m_axi_kernel_input_RID       |   in|    1|       m_axi|                                            kernel_input|       pointer|
|m_axi_kernel_input_RFIFONUM  |   in|    9|       m_axi|                                            kernel_input|       pointer|
|m_axi_kernel_input_RUSER     |   in|    1|       m_axi|                                            kernel_input|       pointer|
|m_axi_kernel_input_RRESP     |   in|    2|       m_axi|                                            kernel_input|       pointer|
|m_axi_kernel_input_BVALID    |   in|    1|       m_axi|                                            kernel_input|       pointer|
|m_axi_kernel_input_BREADY    |  out|    1|       m_axi|                                            kernel_input|       pointer|
|m_axi_kernel_input_BRESP     |   in|    2|       m_axi|                                            kernel_input|       pointer|
|m_axi_kernel_input_BID       |   in|    1|       m_axi|                                            kernel_input|       pointer|
|m_axi_kernel_input_BUSER     |   in|    1|       m_axi|                                            kernel_input|       pointer|
|sext_ln58                    |   in|   60|     ap_none|                                               sext_ln58|        scalar|
|input_0_0_address0           |  out|   10|   ap_memory|                                               input_0_0|         array|
|input_0_0_ce0                |  out|    1|   ap_memory|                                               input_0_0|         array|
|input_0_0_we0                |  out|    1|   ap_memory|                                               input_0_0|         array|
|input_0_0_d0                 |  out|   32|   ap_memory|                                               input_0_0|         array|
|input_0_1_address0           |  out|   10|   ap_memory|                                               input_0_1|         array|
|input_0_1_ce0                |  out|    1|   ap_memory|                                               input_0_1|         array|
|input_0_1_we0                |  out|    1|   ap_memory|                                               input_0_1|         array|
|input_0_1_d0                 |  out|   32|   ap_memory|                                               input_0_1|         array|
|input_0_2_address0           |  out|   10|   ap_memory|                                               input_0_2|         array|
|input_0_2_ce0                |  out|    1|   ap_memory|                                               input_0_2|         array|
|input_0_2_we0                |  out|    1|   ap_memory|                                               input_0_2|         array|
|input_0_2_d0                 |  out|   32|   ap_memory|                                               input_0_2|         array|
|input_0_3_address0           |  out|   10|   ap_memory|                                               input_0_3|         array|
|input_0_3_ce0                |  out|    1|   ap_memory|                                               input_0_3|         array|
|input_0_3_we0                |  out|    1|   ap_memory|                                               input_0_3|         array|
|input_0_3_d0                 |  out|   32|   ap_memory|                                               input_0_3|         array|
|input_0_4_address0           |  out|   10|   ap_memory|                                               input_0_4|         array|
|input_0_4_ce0                |  out|    1|   ap_memory|                                               input_0_4|         array|
|input_0_4_we0                |  out|    1|   ap_memory|                                               input_0_4|         array|
|input_0_4_d0                 |  out|   32|   ap_memory|                                               input_0_4|         array|
|input_0_5_address0           |  out|   10|   ap_memory|                                               input_0_5|         array|
|input_0_5_ce0                |  out|    1|   ap_memory|                                               input_0_5|         array|
|input_0_5_we0                |  out|    1|   ap_memory|                                               input_0_5|         array|
|input_0_5_d0                 |  out|   32|   ap_memory|                                               input_0_5|         array|
|input_0_6_address0           |  out|   10|   ap_memory|                                               input_0_6|         array|
|input_0_6_ce0                |  out|    1|   ap_memory|                                               input_0_6|         array|
|input_0_6_we0                |  out|    1|   ap_memory|                                               input_0_6|         array|
|input_0_6_d0                 |  out|   32|   ap_memory|                                               input_0_6|         array|
|input_0_7_address0           |  out|   10|   ap_memory|                                               input_0_7|         array|
|input_0_7_ce0                |  out|    1|   ap_memory|                                               input_0_7|         array|
|input_0_7_we0                |  out|    1|   ap_memory|                                               input_0_7|         array|
|input_0_7_d0                 |  out|   32|   ap_memory|                                               input_0_7|         array|
|input_0_8_address0           |  out|   10|   ap_memory|                                               input_0_8|         array|
|input_0_8_ce0                |  out|    1|   ap_memory|                                               input_0_8|         array|
|input_0_8_we0                |  out|    1|   ap_memory|                                               input_0_8|         array|
|input_0_8_d0                 |  out|   32|   ap_memory|                                               input_0_8|         array|
|input_0_9_address0           |  out|   10|   ap_memory|                                               input_0_9|         array|
|input_0_9_ce0                |  out|    1|   ap_memory|                                               input_0_9|         array|
|input_0_9_we0                |  out|    1|   ap_memory|                                               input_0_9|         array|
|input_0_9_d0                 |  out|   32|   ap_memory|                                               input_0_9|         array|
|input_0_10_address0          |  out|   10|   ap_memory|                                              input_0_10|         array|
|input_0_10_ce0               |  out|    1|   ap_memory|                                              input_0_10|         array|
|input_0_10_we0               |  out|    1|   ap_memory|                                              input_0_10|         array|
|input_0_10_d0                |  out|   32|   ap_memory|                                              input_0_10|         array|
|input_0_11_address0          |  out|   10|   ap_memory|                                              input_0_11|         array|
|input_0_11_ce0               |  out|    1|   ap_memory|                                              input_0_11|         array|
|input_0_11_we0               |  out|    1|   ap_memory|                                              input_0_11|         array|
|input_0_11_d0                |  out|   32|   ap_memory|                                              input_0_11|         array|
|input_1_0_address0           |  out|   10|   ap_memory|                                               input_1_0|         array|
|input_1_0_ce0                |  out|    1|   ap_memory|                                               input_1_0|         array|
|input_1_0_we0                |  out|    1|   ap_memory|                                               input_1_0|         array|
|input_1_0_d0                 |  out|   32|   ap_memory|                                               input_1_0|         array|
|input_1_1_address0           |  out|   10|   ap_memory|                                               input_1_1|         array|
|input_1_1_ce0                |  out|    1|   ap_memory|                                               input_1_1|         array|
|input_1_1_we0                |  out|    1|   ap_memory|                                               input_1_1|         array|
|input_1_1_d0                 |  out|   32|   ap_memory|                                               input_1_1|         array|
|input_1_2_address0           |  out|   10|   ap_memory|                                               input_1_2|         array|
|input_1_2_ce0                |  out|    1|   ap_memory|                                               input_1_2|         array|
|input_1_2_we0                |  out|    1|   ap_memory|                                               input_1_2|         array|
|input_1_2_d0                 |  out|   32|   ap_memory|                                               input_1_2|         array|
|input_1_3_address0           |  out|   10|   ap_memory|                                               input_1_3|         array|
|input_1_3_ce0                |  out|    1|   ap_memory|                                               input_1_3|         array|
|input_1_3_we0                |  out|    1|   ap_memory|                                               input_1_3|         array|
|input_1_3_d0                 |  out|   32|   ap_memory|                                               input_1_3|         array|
|input_1_4_address0           |  out|   10|   ap_memory|                                               input_1_4|         array|
|input_1_4_ce0                |  out|    1|   ap_memory|                                               input_1_4|         array|
|input_1_4_we0                |  out|    1|   ap_memory|                                               input_1_4|         array|
|input_1_4_d0                 |  out|   32|   ap_memory|                                               input_1_4|         array|
|input_1_5_address0           |  out|   10|   ap_memory|                                               input_1_5|         array|
|input_1_5_ce0                |  out|    1|   ap_memory|                                               input_1_5|         array|
|input_1_5_we0                |  out|    1|   ap_memory|                                               input_1_5|         array|
|input_1_5_d0                 |  out|   32|   ap_memory|                                               input_1_5|         array|
|input_1_6_address0           |  out|   10|   ap_memory|                                               input_1_6|         array|
|input_1_6_ce0                |  out|    1|   ap_memory|                                               input_1_6|         array|
|input_1_6_we0                |  out|    1|   ap_memory|                                               input_1_6|         array|
|input_1_6_d0                 |  out|   32|   ap_memory|                                               input_1_6|         array|
|input_1_7_address0           |  out|   10|   ap_memory|                                               input_1_7|         array|
|input_1_7_ce0                |  out|    1|   ap_memory|                                               input_1_7|         array|
|input_1_7_we0                |  out|    1|   ap_memory|                                               input_1_7|         array|
|input_1_7_d0                 |  out|   32|   ap_memory|                                               input_1_7|         array|
|input_1_8_address0           |  out|   10|   ap_memory|                                               input_1_8|         array|
|input_1_8_ce0                |  out|    1|   ap_memory|                                               input_1_8|         array|
|input_1_8_we0                |  out|    1|   ap_memory|                                               input_1_8|         array|
|input_1_8_d0                 |  out|   32|   ap_memory|                                               input_1_8|         array|
|input_1_9_address0           |  out|   10|   ap_memory|                                               input_1_9|         array|
|input_1_9_ce0                |  out|    1|   ap_memory|                                               input_1_9|         array|
|input_1_9_we0                |  out|    1|   ap_memory|                                               input_1_9|         array|
|input_1_9_d0                 |  out|   32|   ap_memory|                                               input_1_9|         array|
|input_1_10_address0          |  out|   10|   ap_memory|                                              input_1_10|         array|
|input_1_10_ce0               |  out|    1|   ap_memory|                                              input_1_10|         array|
|input_1_10_we0               |  out|    1|   ap_memory|                                              input_1_10|         array|
|input_1_10_d0                |  out|   32|   ap_memory|                                              input_1_10|         array|
|input_1_11_address0          |  out|   10|   ap_memory|                                              input_1_11|         array|
|input_1_11_ce0               |  out|    1|   ap_memory|                                              input_1_11|         array|
|input_1_11_we0               |  out|    1|   ap_memory|                                              input_1_11|         array|
|input_1_11_d0                |  out|   32|   ap_memory|                                              input_1_11|         array|
|input_2_0_address0           |  out|   10|   ap_memory|                                               input_2_0|         array|
|input_2_0_ce0                |  out|    1|   ap_memory|                                               input_2_0|         array|
|input_2_0_we0                |  out|    1|   ap_memory|                                               input_2_0|         array|
|input_2_0_d0                 |  out|   32|   ap_memory|                                               input_2_0|         array|
|input_2_1_address0           |  out|   10|   ap_memory|                                               input_2_1|         array|
|input_2_1_ce0                |  out|    1|   ap_memory|                                               input_2_1|         array|
|input_2_1_we0                |  out|    1|   ap_memory|                                               input_2_1|         array|
|input_2_1_d0                 |  out|   32|   ap_memory|                                               input_2_1|         array|
|input_2_2_address0           |  out|   10|   ap_memory|                                               input_2_2|         array|
|input_2_2_ce0                |  out|    1|   ap_memory|                                               input_2_2|         array|
|input_2_2_we0                |  out|    1|   ap_memory|                                               input_2_2|         array|
|input_2_2_d0                 |  out|   32|   ap_memory|                                               input_2_2|         array|
|input_2_3_address0           |  out|   10|   ap_memory|                                               input_2_3|         array|
|input_2_3_ce0                |  out|    1|   ap_memory|                                               input_2_3|         array|
|input_2_3_we0                |  out|    1|   ap_memory|                                               input_2_3|         array|
|input_2_3_d0                 |  out|   32|   ap_memory|                                               input_2_3|         array|
|input_2_4_address0           |  out|   10|   ap_memory|                                               input_2_4|         array|
|input_2_4_ce0                |  out|    1|   ap_memory|                                               input_2_4|         array|
|input_2_4_we0                |  out|    1|   ap_memory|                                               input_2_4|         array|
|input_2_4_d0                 |  out|   32|   ap_memory|                                               input_2_4|         array|
|input_2_5_address0           |  out|   10|   ap_memory|                                               input_2_5|         array|
|input_2_5_ce0                |  out|    1|   ap_memory|                                               input_2_5|         array|
|input_2_5_we0                |  out|    1|   ap_memory|                                               input_2_5|         array|
|input_2_5_d0                 |  out|   32|   ap_memory|                                               input_2_5|         array|
|input_2_6_address0           |  out|   10|   ap_memory|                                               input_2_6|         array|
|input_2_6_ce0                |  out|    1|   ap_memory|                                               input_2_6|         array|
|input_2_6_we0                |  out|    1|   ap_memory|                                               input_2_6|         array|
|input_2_6_d0                 |  out|   32|   ap_memory|                                               input_2_6|         array|
|input_2_7_address0           |  out|   10|   ap_memory|                                               input_2_7|         array|
|input_2_7_ce0                |  out|    1|   ap_memory|                                               input_2_7|         array|
|input_2_7_we0                |  out|    1|   ap_memory|                                               input_2_7|         array|
|input_2_7_d0                 |  out|   32|   ap_memory|                                               input_2_7|         array|
|input_2_8_address0           |  out|   10|   ap_memory|                                               input_2_8|         array|
|input_2_8_ce0                |  out|    1|   ap_memory|                                               input_2_8|         array|
|input_2_8_we0                |  out|    1|   ap_memory|                                               input_2_8|         array|
|input_2_8_d0                 |  out|   32|   ap_memory|                                               input_2_8|         array|
|input_2_9_address0           |  out|   10|   ap_memory|                                               input_2_9|         array|
|input_2_9_ce0                |  out|    1|   ap_memory|                                               input_2_9|         array|
|input_2_9_we0                |  out|    1|   ap_memory|                                               input_2_9|         array|
|input_2_9_d0                 |  out|   32|   ap_memory|                                               input_2_9|         array|
|input_2_10_address0          |  out|   10|   ap_memory|                                              input_2_10|         array|
|input_2_10_ce0               |  out|    1|   ap_memory|                                              input_2_10|         array|
|input_2_10_we0               |  out|    1|   ap_memory|                                              input_2_10|         array|
|input_2_10_d0                |  out|   32|   ap_memory|                                              input_2_10|         array|
|input_2_11_address0          |  out|   10|   ap_memory|                                              input_2_11|         array|
|input_2_11_ce0               |  out|    1|   ap_memory|                                              input_2_11|         array|
|input_2_11_we0               |  out|    1|   ap_memory|                                              input_2_11|         array|
|input_2_11_d0                |  out|   32|   ap_memory|                                              input_2_11|         array|
|input_3_0_address0           |  out|   10|   ap_memory|                                               input_3_0|         array|
|input_3_0_ce0                |  out|    1|   ap_memory|                                               input_3_0|         array|
|input_3_0_we0                |  out|    1|   ap_memory|                                               input_3_0|         array|
|input_3_0_d0                 |  out|   32|   ap_memory|                                               input_3_0|         array|
|input_3_1_address0           |  out|   10|   ap_memory|                                               input_3_1|         array|
|input_3_1_ce0                |  out|    1|   ap_memory|                                               input_3_1|         array|
|input_3_1_we0                |  out|    1|   ap_memory|                                               input_3_1|         array|
|input_3_1_d0                 |  out|   32|   ap_memory|                                               input_3_1|         array|
|input_3_2_address0           |  out|   10|   ap_memory|                                               input_3_2|         array|
|input_3_2_ce0                |  out|    1|   ap_memory|                                               input_3_2|         array|
|input_3_2_we0                |  out|    1|   ap_memory|                                               input_3_2|         array|
|input_3_2_d0                 |  out|   32|   ap_memory|                                               input_3_2|         array|
|input_3_3_address0           |  out|   10|   ap_memory|                                               input_3_3|         array|
|input_3_3_ce0                |  out|    1|   ap_memory|                                               input_3_3|         array|
|input_3_3_we0                |  out|    1|   ap_memory|                                               input_3_3|         array|
|input_3_3_d0                 |  out|   32|   ap_memory|                                               input_3_3|         array|
|input_3_4_address0           |  out|   10|   ap_memory|                                               input_3_4|         array|
|input_3_4_ce0                |  out|    1|   ap_memory|                                               input_3_4|         array|
|input_3_4_we0                |  out|    1|   ap_memory|                                               input_3_4|         array|
|input_3_4_d0                 |  out|   32|   ap_memory|                                               input_3_4|         array|
|input_3_5_address0           |  out|   10|   ap_memory|                                               input_3_5|         array|
|input_3_5_ce0                |  out|    1|   ap_memory|                                               input_3_5|         array|
|input_3_5_we0                |  out|    1|   ap_memory|                                               input_3_5|         array|
|input_3_5_d0                 |  out|   32|   ap_memory|                                               input_3_5|         array|
|input_3_6_address0           |  out|   10|   ap_memory|                                               input_3_6|         array|
|input_3_6_ce0                |  out|    1|   ap_memory|                                               input_3_6|         array|
|input_3_6_we0                |  out|    1|   ap_memory|                                               input_3_6|         array|
|input_3_6_d0                 |  out|   32|   ap_memory|                                               input_3_6|         array|
|input_3_7_address0           |  out|   10|   ap_memory|                                               input_3_7|         array|
|input_3_7_ce0                |  out|    1|   ap_memory|                                               input_3_7|         array|
|input_3_7_we0                |  out|    1|   ap_memory|                                               input_3_7|         array|
|input_3_7_d0                 |  out|   32|   ap_memory|                                               input_3_7|         array|
|input_3_8_address0           |  out|   10|   ap_memory|                                               input_3_8|         array|
|input_3_8_ce0                |  out|    1|   ap_memory|                                               input_3_8|         array|
|input_3_8_we0                |  out|    1|   ap_memory|                                               input_3_8|         array|
|input_3_8_d0                 |  out|   32|   ap_memory|                                               input_3_8|         array|
|input_3_9_address0           |  out|   10|   ap_memory|                                               input_3_9|         array|
|input_3_9_ce0                |  out|    1|   ap_memory|                                               input_3_9|         array|
|input_3_9_we0                |  out|    1|   ap_memory|                                               input_3_9|         array|
|input_3_9_d0                 |  out|   32|   ap_memory|                                               input_3_9|         array|
|input_3_10_address0          |  out|   10|   ap_memory|                                              input_3_10|         array|
|input_3_10_ce0               |  out|    1|   ap_memory|                                              input_3_10|         array|
|input_3_10_we0               |  out|    1|   ap_memory|                                              input_3_10|         array|
|input_3_10_d0                |  out|   32|   ap_memory|                                              input_3_10|         array|
|input_3_11_address0          |  out|   10|   ap_memory|                                              input_3_11|         array|
|input_3_11_ce0               |  out|    1|   ap_memory|                                              input_3_11|         array|
|input_3_11_we0               |  out|    1|   ap_memory|                                              input_3_11|         array|
|input_3_11_d0                |  out|   32|   ap_memory|                                              input_3_11|         array|
|input_4_0_address0           |  out|   10|   ap_memory|                                               input_4_0|         array|
|input_4_0_ce0                |  out|    1|   ap_memory|                                               input_4_0|         array|
|input_4_0_we0                |  out|    1|   ap_memory|                                               input_4_0|         array|
|input_4_0_d0                 |  out|   32|   ap_memory|                                               input_4_0|         array|
|input_4_1_address0           |  out|   10|   ap_memory|                                               input_4_1|         array|
|input_4_1_ce0                |  out|    1|   ap_memory|                                               input_4_1|         array|
|input_4_1_we0                |  out|    1|   ap_memory|                                               input_4_1|         array|
|input_4_1_d0                 |  out|   32|   ap_memory|                                               input_4_1|         array|
|input_4_2_address0           |  out|   10|   ap_memory|                                               input_4_2|         array|
|input_4_2_ce0                |  out|    1|   ap_memory|                                               input_4_2|         array|
|input_4_2_we0                |  out|    1|   ap_memory|                                               input_4_2|         array|
|input_4_2_d0                 |  out|   32|   ap_memory|                                               input_4_2|         array|
|input_4_3_address0           |  out|   10|   ap_memory|                                               input_4_3|         array|
|input_4_3_ce0                |  out|    1|   ap_memory|                                               input_4_3|         array|
|input_4_3_we0                |  out|    1|   ap_memory|                                               input_4_3|         array|
|input_4_3_d0                 |  out|   32|   ap_memory|                                               input_4_3|         array|
|input_4_4_address0           |  out|   10|   ap_memory|                                               input_4_4|         array|
|input_4_4_ce0                |  out|    1|   ap_memory|                                               input_4_4|         array|
|input_4_4_we0                |  out|    1|   ap_memory|                                               input_4_4|         array|
|input_4_4_d0                 |  out|   32|   ap_memory|                                               input_4_4|         array|
|input_4_5_address0           |  out|   10|   ap_memory|                                               input_4_5|         array|
|input_4_5_ce0                |  out|    1|   ap_memory|                                               input_4_5|         array|
|input_4_5_we0                |  out|    1|   ap_memory|                                               input_4_5|         array|
|input_4_5_d0                 |  out|   32|   ap_memory|                                               input_4_5|         array|
|input_4_6_address0           |  out|   10|   ap_memory|                                               input_4_6|         array|
|input_4_6_ce0                |  out|    1|   ap_memory|                                               input_4_6|         array|
|input_4_6_we0                |  out|    1|   ap_memory|                                               input_4_6|         array|
|input_4_6_d0                 |  out|   32|   ap_memory|                                               input_4_6|         array|
|input_4_7_address0           |  out|   10|   ap_memory|                                               input_4_7|         array|
|input_4_7_ce0                |  out|    1|   ap_memory|                                               input_4_7|         array|
|input_4_7_we0                |  out|    1|   ap_memory|                                               input_4_7|         array|
|input_4_7_d0                 |  out|   32|   ap_memory|                                               input_4_7|         array|
|input_4_8_address0           |  out|   10|   ap_memory|                                               input_4_8|         array|
|input_4_8_ce0                |  out|    1|   ap_memory|                                               input_4_8|         array|
|input_4_8_we0                |  out|    1|   ap_memory|                                               input_4_8|         array|
|input_4_8_d0                 |  out|   32|   ap_memory|                                               input_4_8|         array|
|input_4_9_address0           |  out|   10|   ap_memory|                                               input_4_9|         array|
|input_4_9_ce0                |  out|    1|   ap_memory|                                               input_4_9|         array|
|input_4_9_we0                |  out|    1|   ap_memory|                                               input_4_9|         array|
|input_4_9_d0                 |  out|   32|   ap_memory|                                               input_4_9|         array|
|input_4_10_address0          |  out|   10|   ap_memory|                                              input_4_10|         array|
|input_4_10_ce0               |  out|    1|   ap_memory|                                              input_4_10|         array|
|input_4_10_we0               |  out|    1|   ap_memory|                                              input_4_10|         array|
|input_4_10_d0                |  out|   32|   ap_memory|                                              input_4_10|         array|
|input_4_11_address0          |  out|   10|   ap_memory|                                              input_4_11|         array|
|input_4_11_ce0               |  out|    1|   ap_memory|                                              input_4_11|         array|
|input_4_11_we0               |  out|    1|   ap_memory|                                              input_4_11|         array|
|input_4_11_d0                |  out|   32|   ap_memory|                                              input_4_11|         array|
|input_5_0_address0           |  out|   10|   ap_memory|                                               input_5_0|         array|
|input_5_0_ce0                |  out|    1|   ap_memory|                                               input_5_0|         array|
|input_5_0_we0                |  out|    1|   ap_memory|                                               input_5_0|         array|
|input_5_0_d0                 |  out|   32|   ap_memory|                                               input_5_0|         array|
|input_5_1_address0           |  out|   10|   ap_memory|                                               input_5_1|         array|
|input_5_1_ce0                |  out|    1|   ap_memory|                                               input_5_1|         array|
|input_5_1_we0                |  out|    1|   ap_memory|                                               input_5_1|         array|
|input_5_1_d0                 |  out|   32|   ap_memory|                                               input_5_1|         array|
|input_5_2_address0           |  out|   10|   ap_memory|                                               input_5_2|         array|
|input_5_2_ce0                |  out|    1|   ap_memory|                                               input_5_2|         array|
|input_5_2_we0                |  out|    1|   ap_memory|                                               input_5_2|         array|
|input_5_2_d0                 |  out|   32|   ap_memory|                                               input_5_2|         array|
|input_5_3_address0           |  out|   10|   ap_memory|                                               input_5_3|         array|
|input_5_3_ce0                |  out|    1|   ap_memory|                                               input_5_3|         array|
|input_5_3_we0                |  out|    1|   ap_memory|                                               input_5_3|         array|
|input_5_3_d0                 |  out|   32|   ap_memory|                                               input_5_3|         array|
|input_5_4_address0           |  out|   10|   ap_memory|                                               input_5_4|         array|
|input_5_4_ce0                |  out|    1|   ap_memory|                                               input_5_4|         array|
|input_5_4_we0                |  out|    1|   ap_memory|                                               input_5_4|         array|
|input_5_4_d0                 |  out|   32|   ap_memory|                                               input_5_4|         array|
|input_5_5_address0           |  out|   10|   ap_memory|                                               input_5_5|         array|
|input_5_5_ce0                |  out|    1|   ap_memory|                                               input_5_5|         array|
|input_5_5_we0                |  out|    1|   ap_memory|                                               input_5_5|         array|
|input_5_5_d0                 |  out|   32|   ap_memory|                                               input_5_5|         array|
|input_5_6_address0           |  out|   10|   ap_memory|                                               input_5_6|         array|
|input_5_6_ce0                |  out|    1|   ap_memory|                                               input_5_6|         array|
|input_5_6_we0                |  out|    1|   ap_memory|                                               input_5_6|         array|
|input_5_6_d0                 |  out|   32|   ap_memory|                                               input_5_6|         array|
|input_5_7_address0           |  out|   10|   ap_memory|                                               input_5_7|         array|
|input_5_7_ce0                |  out|    1|   ap_memory|                                               input_5_7|         array|
|input_5_7_we0                |  out|    1|   ap_memory|                                               input_5_7|         array|
|input_5_7_d0                 |  out|   32|   ap_memory|                                               input_5_7|         array|
|input_5_8_address0           |  out|   10|   ap_memory|                                               input_5_8|         array|
|input_5_8_ce0                |  out|    1|   ap_memory|                                               input_5_8|         array|
|input_5_8_we0                |  out|    1|   ap_memory|                                               input_5_8|         array|
|input_5_8_d0                 |  out|   32|   ap_memory|                                               input_5_8|         array|
|input_5_9_address0           |  out|   10|   ap_memory|                                               input_5_9|         array|
|input_5_9_ce0                |  out|    1|   ap_memory|                                               input_5_9|         array|
|input_5_9_we0                |  out|    1|   ap_memory|                                               input_5_9|         array|
|input_5_9_d0                 |  out|   32|   ap_memory|                                               input_5_9|         array|
|input_5_10_address0          |  out|   10|   ap_memory|                                              input_5_10|         array|
|input_5_10_ce0               |  out|    1|   ap_memory|                                              input_5_10|         array|
|input_5_10_we0               |  out|    1|   ap_memory|                                              input_5_10|         array|
|input_5_10_d0                |  out|   32|   ap_memory|                                              input_5_10|         array|
|input_5_11_address0          |  out|   10|   ap_memory|                                              input_5_11|         array|
|input_5_11_ce0               |  out|    1|   ap_memory|                                              input_5_11|         array|
|input_5_11_we0               |  out|    1|   ap_memory|                                              input_5_11|         array|
|input_5_11_d0                |  out|   32|   ap_memory|                                              input_5_11|         array|
|input_6_0_address0           |  out|   10|   ap_memory|                                               input_6_0|         array|
|input_6_0_ce0                |  out|    1|   ap_memory|                                               input_6_0|         array|
|input_6_0_we0                |  out|    1|   ap_memory|                                               input_6_0|         array|
|input_6_0_d0                 |  out|   32|   ap_memory|                                               input_6_0|         array|
|input_6_1_address0           |  out|   10|   ap_memory|                                               input_6_1|         array|
|input_6_1_ce0                |  out|    1|   ap_memory|                                               input_6_1|         array|
|input_6_1_we0                |  out|    1|   ap_memory|                                               input_6_1|         array|
|input_6_1_d0                 |  out|   32|   ap_memory|                                               input_6_1|         array|
|input_6_2_address0           |  out|   10|   ap_memory|                                               input_6_2|         array|
|input_6_2_ce0                |  out|    1|   ap_memory|                                               input_6_2|         array|
|input_6_2_we0                |  out|    1|   ap_memory|                                               input_6_2|         array|
|input_6_2_d0                 |  out|   32|   ap_memory|                                               input_6_2|         array|
|input_6_3_address0           |  out|   10|   ap_memory|                                               input_6_3|         array|
|input_6_3_ce0                |  out|    1|   ap_memory|                                               input_6_3|         array|
|input_6_3_we0                |  out|    1|   ap_memory|                                               input_6_3|         array|
|input_6_3_d0                 |  out|   32|   ap_memory|                                               input_6_3|         array|
|input_6_4_address0           |  out|   10|   ap_memory|                                               input_6_4|         array|
|input_6_4_ce0                |  out|    1|   ap_memory|                                               input_6_4|         array|
|input_6_4_we0                |  out|    1|   ap_memory|                                               input_6_4|         array|
|input_6_4_d0                 |  out|   32|   ap_memory|                                               input_6_4|         array|
|input_6_5_address0           |  out|   10|   ap_memory|                                               input_6_5|         array|
|input_6_5_ce0                |  out|    1|   ap_memory|                                               input_6_5|         array|
|input_6_5_we0                |  out|    1|   ap_memory|                                               input_6_5|         array|
|input_6_5_d0                 |  out|   32|   ap_memory|                                               input_6_5|         array|
|input_6_6_address0           |  out|   10|   ap_memory|                                               input_6_6|         array|
|input_6_6_ce0                |  out|    1|   ap_memory|                                               input_6_6|         array|
|input_6_6_we0                |  out|    1|   ap_memory|                                               input_6_6|         array|
|input_6_6_d0                 |  out|   32|   ap_memory|                                               input_6_6|         array|
|input_6_7_address0           |  out|   10|   ap_memory|                                               input_6_7|         array|
|input_6_7_ce0                |  out|    1|   ap_memory|                                               input_6_7|         array|
|input_6_7_we0                |  out|    1|   ap_memory|                                               input_6_7|         array|
|input_6_7_d0                 |  out|   32|   ap_memory|                                               input_6_7|         array|
|input_6_8_address0           |  out|   10|   ap_memory|                                               input_6_8|         array|
|input_6_8_ce0                |  out|    1|   ap_memory|                                               input_6_8|         array|
|input_6_8_we0                |  out|    1|   ap_memory|                                               input_6_8|         array|
|input_6_8_d0                 |  out|   32|   ap_memory|                                               input_6_8|         array|
|input_6_9_address0           |  out|   10|   ap_memory|                                               input_6_9|         array|
|input_6_9_ce0                |  out|    1|   ap_memory|                                               input_6_9|         array|
|input_6_9_we0                |  out|    1|   ap_memory|                                               input_6_9|         array|
|input_6_9_d0                 |  out|   32|   ap_memory|                                               input_6_9|         array|
|input_6_10_address0          |  out|   10|   ap_memory|                                              input_6_10|         array|
|input_6_10_ce0               |  out|    1|   ap_memory|                                              input_6_10|         array|
|input_6_10_we0               |  out|    1|   ap_memory|                                              input_6_10|         array|
|input_6_10_d0                |  out|   32|   ap_memory|                                              input_6_10|         array|
|input_6_11_address0          |  out|   10|   ap_memory|                                              input_6_11|         array|
|input_6_11_ce0               |  out|    1|   ap_memory|                                              input_6_11|         array|
|input_6_11_we0               |  out|    1|   ap_memory|                                              input_6_11|         array|
|input_6_11_d0                |  out|   32|   ap_memory|                                              input_6_11|         array|
|input_7_0_address0           |  out|   10|   ap_memory|                                               input_7_0|         array|
|input_7_0_ce0                |  out|    1|   ap_memory|                                               input_7_0|         array|
|input_7_0_we0                |  out|    1|   ap_memory|                                               input_7_0|         array|
|input_7_0_d0                 |  out|   32|   ap_memory|                                               input_7_0|         array|
|input_7_1_address0           |  out|   10|   ap_memory|                                               input_7_1|         array|
|input_7_1_ce0                |  out|    1|   ap_memory|                                               input_7_1|         array|
|input_7_1_we0                |  out|    1|   ap_memory|                                               input_7_1|         array|
|input_7_1_d0                 |  out|   32|   ap_memory|                                               input_7_1|         array|
|input_7_2_address0           |  out|   10|   ap_memory|                                               input_7_2|         array|
|input_7_2_ce0                |  out|    1|   ap_memory|                                               input_7_2|         array|
|input_7_2_we0                |  out|    1|   ap_memory|                                               input_7_2|         array|
|input_7_2_d0                 |  out|   32|   ap_memory|                                               input_7_2|         array|
|input_7_3_address0           |  out|   10|   ap_memory|                                               input_7_3|         array|
|input_7_3_ce0                |  out|    1|   ap_memory|                                               input_7_3|         array|
|input_7_3_we0                |  out|    1|   ap_memory|                                               input_7_3|         array|
|input_7_3_d0                 |  out|   32|   ap_memory|                                               input_7_3|         array|
|input_7_4_address0           |  out|   10|   ap_memory|                                               input_7_4|         array|
|input_7_4_ce0                |  out|    1|   ap_memory|                                               input_7_4|         array|
|input_7_4_we0                |  out|    1|   ap_memory|                                               input_7_4|         array|
|input_7_4_d0                 |  out|   32|   ap_memory|                                               input_7_4|         array|
|input_7_5_address0           |  out|   10|   ap_memory|                                               input_7_5|         array|
|input_7_5_ce0                |  out|    1|   ap_memory|                                               input_7_5|         array|
|input_7_5_we0                |  out|    1|   ap_memory|                                               input_7_5|         array|
|input_7_5_d0                 |  out|   32|   ap_memory|                                               input_7_5|         array|
|input_7_6_address0           |  out|   10|   ap_memory|                                               input_7_6|         array|
|input_7_6_ce0                |  out|    1|   ap_memory|                                               input_7_6|         array|
|input_7_6_we0                |  out|    1|   ap_memory|                                               input_7_6|         array|
|input_7_6_d0                 |  out|   32|   ap_memory|                                               input_7_6|         array|
|input_7_7_address0           |  out|   10|   ap_memory|                                               input_7_7|         array|
|input_7_7_ce0                |  out|    1|   ap_memory|                                               input_7_7|         array|
|input_7_7_we0                |  out|    1|   ap_memory|                                               input_7_7|         array|
|input_7_7_d0                 |  out|   32|   ap_memory|                                               input_7_7|         array|
|input_7_8_address0           |  out|   10|   ap_memory|                                               input_7_8|         array|
|input_7_8_ce0                |  out|    1|   ap_memory|                                               input_7_8|         array|
|input_7_8_we0                |  out|    1|   ap_memory|                                               input_7_8|         array|
|input_7_8_d0                 |  out|   32|   ap_memory|                                               input_7_8|         array|
|input_7_9_address0           |  out|   10|   ap_memory|                                               input_7_9|         array|
|input_7_9_ce0                |  out|    1|   ap_memory|                                               input_7_9|         array|
|input_7_9_we0                |  out|    1|   ap_memory|                                               input_7_9|         array|
|input_7_9_d0                 |  out|   32|   ap_memory|                                               input_7_9|         array|
|input_7_10_address0          |  out|   10|   ap_memory|                                              input_7_10|         array|
|input_7_10_ce0               |  out|    1|   ap_memory|                                              input_7_10|         array|
|input_7_10_we0               |  out|    1|   ap_memory|                                              input_7_10|         array|
|input_7_10_d0                |  out|   32|   ap_memory|                                              input_7_10|         array|
|input_7_11_address0          |  out|   10|   ap_memory|                                              input_7_11|         array|
|input_7_11_ce0               |  out|    1|   ap_memory|                                              input_7_11|         array|
|input_7_11_we0               |  out|    1|   ap_memory|                                              input_7_11|         array|
|input_7_11_d0                |  out|   32|   ap_memory|                                              input_7_11|         array|
+-----------------------------+-----+-----+------------+--------------------------------------------------------+--------------+

